// Jest Snapshot v1, https://goo.gl/fbAQLP

exports[`<Header /> should match snapshot 1`] = `
.c2 {
  color: #0A1128;
  font-size: 2.4rem;
  text-transform: uppercase;
}

.c3 {
  display: -webkit-box;
  display: -webkit-flex;
  display: -ms-flexbox;
  display: flex;
  -webkit-align-items: center;
  -webkit-box-align: center;
  -ms-flex-align: center;
  align-items: center;
  -webkit-text-decoration: none;
  text-decoration: none;
  color: inherit;
}

.c3 > img {
  width: 15rem;
  height: 15rem;
  border-radius: 50%;
}

.c0 {
  display: -webkit-box;
  display: -webkit-flex;
  display: -ms-flexbox;
  display: flex;
  -webkit-align-items: center;
  -webkit-box-align: center;
  -ms-flex-align: center;
  align-items: center;
  -webkit-box-pack: center;
  -webkit-justify-content: center;
  -ms-flex-pack: center;
  justify-content: center;
  padding-bottom: 6.4rem;
  width: 100%;
  max-width: 96rem color:#333;
  font-size: 1.6rem;
  margin: 0 auto;
  padding-top: 55px;
}

.c0 .c1 {
  margin: 0 0 calc(1.6rem - 1rem);
}

<div>
  <header
    class="c0"
  >
    <h1
      class="c1 c2"
    >
      <a
        class="c3"
        href="/"
        target="_self"
      >
        <img
          alt="Fabio's Blog - O Blog do Fabinho."
          src="/assets/images/logo.png"
        />
      </a>
    </h1>
  </header>
</div>
`;
