// Jest Snapshot v1, https://goo.gl/fbAQLP

exports[`<ArticleMeta /> should match snapshot 1`] = `
.c0 {
  font-size: 16px;
  color: #aaaaaa;
  font-style: italic;
}

.c0 a {
  color: #dc143c;
  -webkit-text-decoration: none;
  text-decoration: none;
  -webkit-transition: all 300ms ease-in-out;
  transition: all 300ms ease-in-out;
}

.c0:hover {
  -webkit-filter: brightness(50%);
  filter: brightness(50%);
}

<div>
  <div
    class="c0"
  >
    <p>
      <span>
        Por 
      </span>
      <a
        href="/author/fabio-celeste"
      >
        Fabio Celeste
      </a>
      <span
        class="separator"
      >
         | 
      </span>
      <time
        datetime="2022-01-28T02:53:53.880Z"
      >
        27 de jan. de 2022
      </time>
      <span
        class="separator"
      >
         | 
      </span>
      <span
        class="category"
      >
        <a
          href="/cetegory/java-script"
        >
          JavaScript
        </a>
      </span>
    </p>
  </div>
</div>
`;
