// Jest Snapshot v1, https://goo.gl/fbAQLP

exports[`<ArticleHeader /> should render articleHeader with Header component, title, excerpt, cover image and separator 1`] = `
.c0 {
  display: -webkit-box;
  display: -webkit-flex;
  display: -ms-flexbox;
  display: flex;
  -webkit-flex-direction: column;
  -ms-flex-direction: column;
  flex-direction: column;
  -webkit-align-items: center;
  -webkit-box-align: center;
  -ms-flex-align: center;
  align-items: center;
}

.c0 .post-cover {
  display: -webkit-box;
  display: -webkit-flex;
  display: -ms-flexbox;
  display: flex;
  -webkit-flex-direction: column;
  -ms-flex-direction: column;
  flex-direction: column;
  -webkit-align-items: center;
  -webkit-box-align: center;
  -ms-flex-align: center;
  align-items: center;
}

.c0 img {
  max-width: 100%;
  height: 480px;
}

.c0 h1 {
  font-size: 5.6rem;
  color: #333;
}

.c0 h2 {
  font-size: 2.4rem;
  font-weight: normal;
  color: #aaaaaa;
}

.c0 .separator-header {
  width: 80%;
  height: 1px;
  background-color: #DDDDDD;
}

.c1 {
  font-size: 16px;
  color: #aaaaaa;
  font-style: italic;
}

.c1 a {
  color: #dc143c;
  -webkit-text-decoration: none;
  text-decoration: none;
  -webkit-transition: all 300ms ease-in-out;
  transition: all 300ms ease-in-out;
}

.c1:hover {
  -webkit-filter: brightness(50%);
  filter: brightness(50%);
}

<div>
  <div
    class="c0"
  >
    <div>
      <h1>
        Primeiro Post
      </h1>
      <h2>
        Lorem ipsum dolor sit amet, consectetur adipiscing elit. Quisque rhoncus maximus ex, id auctor lacus dignissim a. Nulla eu
      </h2>
      <div
        class="post-cover"
      >
        <img
          alt="Primeiro Post"
          src="/assets/images/logo.png"
        />
        <div
          class="c1"
        >
          <p>
            <span>
              Por 
            </span>
            <a
              href="/author/fabio-celeste"
            >
              Fabio Celeste
            </a>
            <span
              class="separator"
            >
               | 
            </span>
            <time
              datetime="2022-01-28T02:53:53.880Z"
            >
              27 de jan. de 2022
            </time>
            <span
              class="separator"
            >
               | 
            </span>
            <span
              class="category"
            >
              <a
                href="/cetegory/java-script"
              >
                JavaScript
              </a>
            </span>
          </p>
        </div>
      </div>
    </div>
    <div
      class="separator-header"
    />
  </div>
</div>
`;
